// Jest Snapshot v1, https://goo.gl/fbAQLP

exports[`Should MyList render correctly 1`] = `
<div>
  <article
    class="small-movie-card catalog__movies-card"
    id="1"
  >
    <div
      class="small-movie-card__image"
    >
      <img
        height="175"
        src="img/the-grand-budapest-hotel-poster.jpg"
        width="280"
      />
    </div>
    <h3
      class="small-movie-card__title"
    >
      <a
        class="small-movie-card__link"
        href="/films/1"
      >
        The Grand Budapest Hotel
      </a>
    </h3>
  </article>
  <article
    class="small-movie-card catalog__movies-card"
    id="2"
  >
    <div
      class="small-movie-card__image"
    >
      <img
        height="175"
        src="img/aviator.jpg"
        width="280"
      />
    </div>
    <h3
      class="small-movie-card__title"
    >
      <a
        class="small-movie-card__link"
        href="/films/2"
      >
        Aviator
      </a>
    </h3>
  </article>
  <article
    class="small-movie-card catalog__movies-card"
    id="3"
  >
    <div
      class="small-movie-card__image"
    >
      <img
        height="175"
        src="img/revenant.jpg"
        width="280"
      />
    </div>
    <h3
      class="small-movie-card__title"
    >
      <a
        class="small-movie-card__link"
        href="/films/3"
      >
        Revenant
      </a>
    </h3>
  </article>
  <article
    class="small-movie-card catalog__movies-card"
    id="4"
  >
    <div
      class="small-movie-card__image"
    >
      <img
        height="175"
        src="img/johnny-english.jpg"
        width="280"
      />
    </div>
    <h3
      class="small-movie-card__title"
    >
      <a
        class="small-movie-card__link"
        href="/films/4"
      >
        Johnny English
      </a>
    </h3>
  </article>
  <article
    class="small-movie-card catalog__movies-card"
    id="5"
  >
    <div
      class="small-movie-card__image"
    >
      <img
        height="175"
        src="img/what-we-do-in-the-shadows.jpg"
        width="280"
      />
    </div>
    <h3
      class="small-movie-card__title"
    >
      <a
        class="small-movie-card__link"
        href="/films/5"
      >
        What we do is the shadow
      </a>
    </h3>
  </article>
  <article
    class="small-movie-card catalog__movies-card"
    id="6"
  >
    <div
      class="small-movie-card__image"
    >
      <img
        height="175"
        src="img/we-need-to-talk-about-kevin.jpg"
        width="280"
      />
    </div>
    <h3
      class="small-movie-card__title"
    >
      <a
        class="small-movie-card__link"
        href="/films/6"
      >
        We need to talk about Kevin
      </a>
    </h3>
  </article>
  <article
    class="small-movie-card catalog__movies-card"
    id="7"
  >
    <div
      class="small-movie-card__image"
    >
      <img
        height="175"
        src="img/macbeth.jpg"
        width="280"
      />
    </div>
    <h3
      class="small-movie-card__title"
    >
      <a
        class="small-movie-card__link"
        href="/films/7"
      >
        Macbeth
      </a>
    </h3>
  </article>
  <article
    class="small-movie-card catalog__movies-card"
    id="8"
  >
    <div
      class="small-movie-card__image"
    >
      <img
        height="175"
        src="img/bohemian-rhapsody.jpg"
        width="280"
      />
    </div>
    <h3
      class="small-movie-card__title"
    >
      <a
        class="small-movie-card__link"
        href="/films/8"
      >
        Bohemain Rhaapsody
      </a>
    </h3>
  </article>
  <article
    class="small-movie-card catalog__movies-card"
    id="9"
  >
    <div
      class="small-movie-card__image"
    >
      <img
        height="175"
        src="img/we-need-to-talk-about-kevin.jpg"
        width="280"
      />
    </div>
    <h3
      class="small-movie-card__title"
    >
      <a
        class="small-movie-card__link"
        href="/films/9"
      >
        We need to talk about Kevin
      </a>
    </h3>
  </article>
  <article
    class="small-movie-card catalog__movies-card"
    id="10"
  >
    <div
      class="small-movie-card__image"
    >
      <img
        height="175"
        src="img/macbeth.jpg"
        width="280"
      />
    </div>
    <h3
      class="small-movie-card__title"
    >
      <a
        class="small-movie-card__link"
        href="/films/10"
      >
        Macbeth
      </a>
    </h3>
  </article>
  <article
    class="small-movie-card catalog__movies-card"
    id="11"
  >
    <div
      class="small-movie-card__image"
    >
      <img
        height="175"
        src="img/bohemian-rhapsody.jpg"
        width="280"
      />
    </div>
    <h3
      class="small-movie-card__title"
    >
      <a
        class="small-movie-card__link"
        href="/films/11"
      >
        Bohemain Rhaapsody
      </a>
    </h3>
  </article>
</div>
`;
