// Jest Snapshot v1, https://goo.gl/fbAQLP

exports[`Should Review render correctly 1`] = `
<div>
  <nav
    class="movie-nav movie-card__nav"
  >
    <ul
      class="movie-nav__list"
    >
      <li
        class="movie-nav__item movie-nav__item--active"
      >
        <a
          class="movie-nav__link"
          href="#"
        >
          one
        </a>
      </li>
      <li
        class="movie-nav__item "
      >
        <a
          class="movie-nav__link"
          href="#"
        >
          two
        </a>
      </li>
      <li
        class="movie-nav__item "
      >
        <a
          class="movie-nav__link"
          href="#"
        >
          three
        </a>
      </li>
    </ul>
  </nav>
  1
</div>
`;
