// Jest Snapshot v1, https://goo.gl/fbAQLP

exports[`Main render is correctly 1`] = `
<div>
  <section
    class="movie-card"
  >
    <div
      class="movie-card__bg"
    >
      <img />
    </div>
    <h1
      class="visually-hidden"
    >
      WTW
    </h1>
    <header
      class="page-header undefined"
    >
      <div
        class="logo"
      >
        <a
          class="logo__link"
          href="/"
        >
          <span
            class="logo__letter logo__letter--1"
          >
            W
          </span>
          <span
            class="logo__letter logo__letter--2"
          >
            T
          </span>
          <span
            class="logo__letter logo__letter--3"
          >
            W
          </span>
        </a>
      </div>
      <div
        class="user-block"
      >
        <a
          class="user-block__link"
          href="/login"
        >
          Sign in
        </a>
      </div>
    </header>
    <div
      class="movie-card__wrap"
    >
      <div
        class="movie-card__info"
      >
        <div
          class="movie-card__poster"
        >
          <img
            height="327"
            width="218"
          />
        </div>
        <div
          class="movie-card__desc"
        >
          <h2
            class="movie-card__title"
          />
          <p
            class="movie-card__meta"
          >
            <span
              class="movie-card__genre"
            />
            <span
              class="movie-card__year"
            />
          </p>
          <div
            class="movie-card__buttons"
          >
            <button
              class="btn btn--play movie-card__button"
              type="button"
            >
              <svg
                height="19"
                viewBox="0 0 19 19"
                width="19"
              >
                <use
                  xlink:href="#play-s"
                />
              </svg>
              <span>
                Play
              </span>
            </button>
            <button
              class="btn btn--list movie-card__button"
              type="button"
            >
              <svg
                height="20"
                viewBox="0 0 19 20"
                width="19"
              >
                <use
                  xlink:href="#add"
                />
              </svg>
              <span>
                My list
              </span>
            </button>
          </div>
        </div>
      </div>
    </div>
  </section>
  <div
    class="page-content"
  >
    <section
      class="catalog"
    >
      <h2
        class="catalog__title visually-hidden"
      >
        Catalog
      </h2>
      <ul
        class="catalog__genres-list"
      >
        <li
          class="catalog__genres-item catalog__genres-item--active"
        >
          <a
            class="catalog__genres-link"
            href="#"
          >
            All genres
          </a>
        </li>
        <li
          class="catalog__genres-item "
        >
          <a
            class="catalog__genres-link"
            href="#"
          >
            Comedy
          </a>
        </li>
      </ul>
      <div
        class="catalog__movies-list"
      >
        <article
          class="small-movie-card catalog__movies-card"
          id="1"
        >
          <div
            class="small-movie-card__image"
          >
            <img
              height="175"
              src="img/the-grand-budapest-hotel-poster.jpg"
              width="280"
            />
          </div>
          <h3
            class="small-movie-card__title"
          >
            <a
              class="small-movie-card__link"
              href="/films/1"
            >
              The Grand Budapest Hotel
            </a>
          </h3>
        </article>
        <article
          class="small-movie-card catalog__movies-card"
          id="2"
        >
          <div
            class="small-movie-card__image"
          >
            <img
              height="175"
              src="img/aviator.jpg"
              width="280"
            />
          </div>
          <h3
            class="small-movie-card__title"
          >
            <a
              class="small-movie-card__link"
              href="/films/2"
            >
              Aviator
            </a>
          </h3>
        </article>
        <article
          class="small-movie-card catalog__movies-card"
          id="3"
        >
          <div
            class="small-movie-card__image"
          >
            <img
              height="175"
              src="img/revenant.jpg"
              width="280"
            />
          </div>
          <h3
            class="small-movie-card__title"
          >
            <a
              class="small-movie-card__link"
              href="/films/3"
            >
              Revenant
            </a>
          </h3>
        </article>
        <article
          class="small-movie-card catalog__movies-card"
          id="4"
        >
          <div
            class="small-movie-card__image"
          >
            <img
              height="175"
              src="img/johnny-english.jpg"
              width="280"
            />
          </div>
          <h3
            class="small-movie-card__title"
          >
            <a
              class="small-movie-card__link"
              href="/films/4"
            >
              Johnny English
            </a>
          </h3>
        </article>
        <article
          class="small-movie-card catalog__movies-card"
          id="5"
        >
          <div
            class="small-movie-card__image"
          >
            <img
              height="175"
              src="img/what-we-do-in-the-shadows.jpg"
              width="280"
            />
          </div>
          <h3
            class="small-movie-card__title"
          >
            <a
              class="small-movie-card__link"
              href="/films/5"
            >
              What we do is the shadow
            </a>
          </h3>
        </article>
        <article
          class="small-movie-card catalog__movies-card"
          id="6"
        >
          <div
            class="small-movie-card__image"
          >
            <img
              height="175"
              src="img/we-need-to-talk-about-kevin.jpg"
              width="280"
            />
          </div>
          <h3
            class="small-movie-card__title"
          >
            <a
              class="small-movie-card__link"
              href="/films/6"
            >
              We need to talk about Kevin
            </a>
          </h3>
        </article>
        <article
          class="small-movie-card catalog__movies-card"
          id="7"
        >
          <div
            class="small-movie-card__image"
          >
            <img
              height="175"
              src="img/macbeth.jpg"
              width="280"
            />
          </div>
          <h3
            class="small-movie-card__title"
          >
            <a
              class="small-movie-card__link"
              href="/films/7"
            >
              Macbeth
            </a>
          </h3>
        </article>
        <article
          class="small-movie-card catalog__movies-card"
          id="8"
        >
          <div
            class="small-movie-card__image"
          >
            <img
              height="175"
              src="img/bohemian-rhapsody.jpg"
              width="280"
            />
          </div>
          <h3
            class="small-movie-card__title"
          >
            <a
              class="small-movie-card__link"
              href="/films/8"
            >
              Bohemain Rhaapsody
            </a>
          </h3>
        </article>
        <article
          class="small-movie-card catalog__movies-card"
          id="9"
        >
          <div
            class="small-movie-card__image"
          >
            <img
              height="175"
              src="img/we-need-to-talk-about-kevin.jpg"
              width="280"
            />
          </div>
          <h3
            class="small-movie-card__title"
          >
            <a
              class="small-movie-card__link"
              href="/films/9"
            >
              We need to talk about Kevin
            </a>
          </h3>
        </article>
        <article
          class="small-movie-card catalog__movies-card"
          id="10"
        >
          <div
            class="small-movie-card__image"
          >
            <img
              height="175"
              src="img/macbeth.jpg"
              width="280"
            />
          </div>
          <h3
            class="small-movie-card__title"
          >
            <a
              class="small-movie-card__link"
              href="/films/10"
            >
              Macbeth
            </a>
          </h3>
        </article>
        <article
          class="small-movie-card catalog__movies-card"
          id="11"
        >
          <div
            class="small-movie-card__image"
          >
            <img
              height="175"
              src="img/bohemian-rhapsody.jpg"
              width="280"
            />
          </div>
          <h3
            class="small-movie-card__title"
          >
            <a
              class="small-movie-card__link"
              href="/films/11"
            >
              Bohemain Rhaapsody
            </a>
          </h3>
        </article>
      </div>
      <div
        class="catalog__more"
      />
    </section>
    <footer
      class="page-footer"
    >
      <div
        class="logo"
      >
        <a
          class="logo__link logo__link--light"
          href="/"
        >
          <span
            class="logo__letter logo__letter--1"
          >
            W
          </span>
          <span
            class="logo__letter logo__letter--2"
          >
            T
          </span>
          <span
            class="logo__letter logo__letter--3"
          >
            W
          </span>
        </a>
      </div>
      <div
        class="copyright"
      >
        <p>
          © 2019 What to watch Ltd.
        </p>
      </div>
    </footer>
  </div>
</div>
`;
