// Jest Snapshot v1, https://goo.gl/fbAQLP

exports[`Should Review render correctly 1`] = `
<div>
  <div
    class="review"
  >
    <blockquote
      class="review__quote"
    >
      <p
        class="review__text"
      >
        test
      </p>
      <footer
        class="review__details"
      >
        <cite
          class="review__author"
        >
          Alex
        </cite>
        <time
          class="review__date"
          dateime="2016-12-24"
        >
          12/03/1999
        </time>
      </footer>
    </blockquote>
    <div
      class="review__rating"
    >
      15
    </div>
  </div>
</div>
`;
